Archive member included to satisfy reference by file (symbol)

/home/sparky/esp/esp-idf/examples/peripherals/hud/build/cxx/libcxx.a(cxx_guards.o)
                              (__cxa_guard_dummy)
/home/sparky/esp/esp-idf/examples/peripherals/hud/build/cxx/libcxx.a(cxx_exception_stubs.o)
                              (__cxx_fatal_exception)
/home/sparky/esp/esp-idf/examples/peripherals/hud/build/esp32/libesp32.a(panic.o)
                              /home/sparky/esp/esp-idf/examples/peripherals/hud/build/cxx/libcxx.a(cxx_guards.o) (abort)
/home/sparky/esp/esp-idf/examples/peripherals/hud/build/esp32/libesp32.a(cache_err_int.o)
                              /home/sparky/esp/esp-idf/examples/peripherals/hud/build/esp32/libesp32.a(panic.o) (esp_cache_err_get_cpuid)
/home/sparky/esp/esp-idf/examples/peripherals/hud/build/esp32/libesp32.a(cpu_start.o)
                              (call_start_cpu0)
/home/sparky/esp/esp-idf/examples/peripherals/hud/build/esp32/libesp32.a(clk.o)
                              /home/sparky/esp/esp-idf/examples/peripherals/hud/build/esp32/libesp32.a(cpu_start.o) (esp_clk_init)
/home/sparky/esp/esp-idf/examples/peripherals/hud/build/esp32/libesp32.a(crosscore_int.o)
                              /home/sparky/esp/esp-idf/examples/peripherals/hud/build/esp32/libesp32.a(cpu_start.o) (esp_crosscore_int_init)
/home/sparky/esp/esp-idf/examples/peripherals/hud/build/esp32/libesp32.a(ipc.o)
                              /home/sparky/esp/esp-idf/examples/peripherals/hud/build/esp32/libesp32.a(cpu_start.o) (esp_ipc_init)
/home/sparky/esp/esp-idf/examples/peripherals/hud/build/esp32/libesp32.a(intr_alloc.o)
                              /home/sparky/esp/esp-idf/examples/peripherals/hud/build/esp32/libesp32.a(crosscore_int.o) (esp_intr_alloc)
/home/sparky/esp/esp-idf/examples/peripherals/hud/build/esp32/libesp32.a(esp_timer.o)
                              /home/sparky/esp/esp-idf/examples/peripherals/hud/build/esp32/libesp32.a(cpu_start.o) (esp_timer_init)
/home/sparky/esp/esp-idf/examples/peripherals/hud/build/esp32/libesp32.a(dport_access.o)
                              /home/sparky/esp/esp-idf/examples/peripherals/hud/build/esp32/libesp32.a(cache_err_int.o) (esp_dport_access_stall_other_cpu_start)
/home/sparky/esp/esp-idf/examples/peripherals/hud/build/esp32/libesp32.a(system_api.o)
                              /home/sparky/esp/esp-idf/examples/peripherals/hud/build/esp32/libesp32.a(panic.o) (esp_restart_noos)
/home/sparky/esp/esp-idf/examples/peripherals/hud/build/esp32/libesp32.a(brownout.o)
                              /home/sparky/esp/esp-idf/examples/peripherals/hud/build/esp32/libesp32.a(cpu_start.o) (esp_brownout_init)
/home/sparky/esp/esp-idf/examples/peripherals/hud/build/esp32/libesp32.a(int_wdt.o)
                              /home/sparky/esp/esp-idf/examples/peripherals/hud/build/esp32/libesp32.a(cpu_start.o) (esp_int_wdt_init)
/home/sparky/esp/esp-idf/examples/peripherals/hud/build/esp32/libesp32.a(dport_panic_highint_hdl.o)
                              (ld_include_panic_highint_hdl)
/home/sparky/esp/esp-idf/examples/peripherals/hud/build/esp32/libesp32.a(esp_timer_esp32.o)
                              /home/sparky/esp/esp-idf/examples/peripherals/hud/build/esp32/libesp32.a(esp_timer.o) (esp_timer_impl_get_time)
/home/sparky/esp/esp-idf/examples/peripherals/hud/build/esp32/libesp32.a(freertos_hooks.o)
                              /home/sparky/esp/esp-idf/examples/peripherals/hud/build/esp32/libesp32.a(int_wdt.o) (esp_register_freertos_tick_hook_for_cpu)
/home/sparky/esp/esp-idf/components/esp32/libhal.a(int_asm--set_intclear.o)
                              /home/sparky/esp/esp-idf/examples/peripherals/hud/build/esp32/libesp32.a(intr_alloc.o) (xthal_set_intclear)
/home/sparky/esp/esp-idf/examples/peripherals/hud/build/freertos/libfreertos.a(xtensa_intr.o)
                              /home/sparky/esp/esp-idf/examples/peripherals/hud/build/esp32/libesp32.a(intr_alloc.o) (xt_unhandled_interrupt)
/home/sparky/esp/esp-idf/examples/peripherals/hud/build/freertos/libfreertos.a(queue.o)
                              /home/sparky/esp/esp-idf/examples/peripherals/hud/build/esp32/libesp32.a(ipc.o) (xQueueGenericCreate)
/home/sparky/esp/esp-idf/examples/peripherals/hud/build/freertos/libfreertos.a(list.o)
                              /home/sparky/esp/esp-idf/examples/peripherals/hud/build/freertos/libfreertos.a(queue.o) (vListInitialise)
/home/sparky/esp/esp-idf/examples/peripherals/hud/build/freertos/libfreertos.a(port.o)
                              /home/sparky/esp/esp-idf/examples/peripherals/hud/build/esp32/libesp32.a(cpu_start.o) (port_xSchedulerRunning)
/home/sparky/esp/esp-idf/examples/peripherals/hud/build/freertos/libfreertos.a(tasks.o)
                              /home/sparky/esp/esp-idf/examples/peripherals/hud/build/esp32/libesp32.a(system_api.o) (vTaskSuspendAll)
/home/sparky/esp/esp-idf/examples/peripherals/hud/build/freertos/libfreertos.a(timers.o)
[...]
Memory Configuration

Name             Origin             Length             Attributes
iram0_0_seg      0x0000000040080000 0x0000000000020000 xr
iram0_2_seg      0x00000000400d0018 0x000000000032ffe8 xr
dram0_0_seg      0x000000003ffb0000 0x000000000002c200 rw
drom0_0_seg      0x000000003f400018 0x00000000003fffe8 r
rtc_iram_seg     0x00000000400c0000 0x0000000000002000 xrw
rtc_slow_seg     0x0000000050000000 0x0000000000001000 rw
*default*        0x0000000000000000 0xffffffffffffffff

Linker script and memory map

START GROUP
LOAD /home/sparky/esp/esp-idf/examples/peripherals/hud/build/app_trace/libapp_trace.a
LOAD /home/sparky/esp/esp-idf/examples/peripherals/hud/build/app_update/libapp_update.a
LOAD /home/sparky/esp/esp-idf/examples/peripherals/hud/build/bootloader_support/libbootloader_support.a
LOAD /home/sparky/esp/esp-idf/examples/peripherals/hud/build/bt/libbt.a
LOAD /home/sparky/esp/esp-idf/examples/peripherals/hud/build/coap/libcoap.a
LOAD /home/sparky/esp/esp-idf/examples/peripherals/hud/build/console/libconsole.a
LOAD /home/sparky/esp/esp-idf/examples/peripherals/hud/build/cxx/libcxx.a
LOAD /home/sparky/esp/esp-idf/examples/peripherals/hud/build/driver/libdriver.a
LOAD /home/sparky/esp/esp-idf/examples/peripherals/hud/build/esp32/libesp32.a
LOAD /home/sparky/esp/esp-idf/components/esp32/libhal.a
LOAD /home/sparky/esp/esp-idf/components/esp32/lib/libcore.a
LOAD /home/sparky/esp/esp-idf/components/esp32/lib/librtc.a
LOAD /home/sparky/esp/esp-idf/components/esp32/lib/libnet80211.a
LOAD /home/sparky/esp/esp-idf/components/esp32/lib/libpp.a
LOAD /home/sparky/esp/esp-idf/components/esp32/lib/libwpa.a
LOAD /home/sparky/esp/esp-idf/components/esp32/lib/libsmartconfig.a
LOAD /home/sparky/esp/esp-idf/components/esp32/lib/libcoexist.a
LOAD /home/sparky/esp/esp-idf/components/esp32/lib/libwps.a
LOAD /home/sparky/esp/esp-idf/components/esp32/lib/libwpa2.a
LOAD /home/sparky/esp/esp-idf/components/esp32/lib/libespnow.a
LOAD /home/sparky/esp/esp-idf/components/esp32/lib/libphy.a
LOAD /home/sparky/esp/esp-idf/examples/peripherals/hud/build/esp_adc_cal/libesp_adc_cal.a
LOAD /home/sparky/esp/esp-idf/examples/peripherals/hud/build/ethernet/libethernet.a
LOAD /home/sparky/esp/esp-idf/examples/peripherals/hud/build/expat/libexpat.a
LOAD /home/sparky/esp/esp-idf/examples/peripherals/hud/build/fatfs/libfatfs.a
LOAD /home/sparky/esp/esp-idf/examples/peripherals/hud/build/freertos/libfreertos.a
LOAD /home/sparky/esp/esp-idf/examples/peripherals/hud/build/heap/libheap.a
LOAD /home/sparky/esp/esp-idf/examples/peripherals/hud/build/idf_test/libidf_test.a
LOAD /home/sparky/esp/esp-idf/examples/peripherals/hud/build/jsmn/libjsmn.a
LOAD /home/sparky/esp/esp-idf/examples/peripherals/hud/build/json/libjson.a
LOAD /home/sparky/esp/esp-idf/examples/peripherals/hud/build/libsodium/liblibsodium.a
LOAD /home/sparky/esp/esp-idf/examples/peripherals/hud/build/log/liblog.a
LOAD /home/sparky/esp/esp-idf/examples/peripherals/hud/build/lwip/liblwip.a
LOAD /home/sparky/esp/esp-idf/examples/peripherals/hud/build/main/libmain.a
LOAD /home/sparky/esp/esp-idf/examples/peripherals/hud/build/mbedtls/libmbedtls.a
LOAD /home/sparky/esp/esp-idf/examples/peripherals/hud/build/mdns/libmdns.a
LOAD /home/sparky/esp/esp-idf/examples/peripherals/hud/build/micro-ecc/libmicro-ecc.a
LOAD /home/sparky/esp/esp-idf/components/newlib/lib/libc.a
LOAD /home/sparky/esp/esp-idf/components/newlib/lib/libm.a
LOAD /home/sparky/esp/esp-idf/examples/peripherals/hud/build/newlib/libnewlib.a
LOAD /home/sparky/esp/esp-idf/examples/peripherals/hud/build/nghttp/libnghttp.a
LOAD /home/sparky/esp/esp-idf/examples/peripherals/hud/build/nvs_flash/libnvs_flash.a
LOAD /home/sparky/esp/esp-idf/examples/peripherals/hud/build/openssl/libopenssl.a
LOAD /home/sparky/esp/esp-idf/examples/peripherals/hud/build/pthread/libpthread.a
LOAD /home/sparky/esp/esp-idf/examples/peripherals/hud/build/sdmmc/libsdmmc.a
LOAD /home/sparky/esp/esp-idf/examples/peripherals/hud/build/soc/libsoc.a
LOAD /home/sparky/esp/esp-idf/examples/peripherals/hud/build/spi_flash/libspi_flash.a
LOAD /home/sparky/esp/esp-idf/examples/peripherals/hud/build/spiffs/libspiffs.a
LOAD /home/sparky/esp/esp-idf/examples/peripherals/hud/build/tcpip_adapter/libtcpip_adapter.a
LOAD /home/sparky/esp/esp-idf/examples/peripherals/hud/build/ulp/libulp.a
LOAD /home/sparky/esp/esp-idf/examples/peripherals/hud/build/vfs/libvfs.a
LOAD /home/sparky/esp/esp-idf/examples/peripherals/hud/build/wear_levelling/libwear_levelling.a
LOAD /home/sparky/esp/esp-idf/examples/peripherals/hud/build/wpa_supplicant/libwpa_supplicant.a
LOAD /home/sparky/esp/esp-idf/examples/peripherals/hud/build/xtensa-debug-module/libxtensa-debug-module.a
LOAD /home/sparky/esp/xtensa-esp32-elf/bin/../lib/gcc/xtensa-esp32-elf/5.2.0/libgcc.a
LOAD /home/sparky/esp/xtensa-esp32-elf/bin/../lib/gcc/xtensa-esp32-elf/5.2.0/../../../../xtensa-esp32-elf/lib/libstdc++.a
LOAD /home/sparky/esp/xtensa-esp32-elf/bin/../lib/gcc/xtensa-esp32-elf/5.2.0/libgcov.a
END GROUP
                0x0000000040000000                _heap_end = 0x40000000

.rtc.text       0x00000000400c0000        0x0
                0x00000000400c0000                . = ALIGN (0x4)
 *(.rtc.literal .rtc.text)
 *rtc_wake_stub*.o(.literal .text .literal.* .text.*)

.rtc.data       0x0000000050000000        0x0
                0x0000000050000000                _rtc_data_start = ABSOLUTE (.)
 *(.rtc.data)
 *(.rtc.rodata)
 *rtc_wake_stub*.o(.data .rodata .data.* .rodata.* .bss .bss.*)
                0x0000000050000000                _rtc_data_end = ABSOLUTE (.)

.rtc.bss        0x0000000050000000        0x0
                0x0000000050000000                _rtc_bss_start = ABSOLUTE (.)
 *rtc_wake_stub*.o(.bss .bss.*)
 *rtc_wake_stub*.o(COMMON)
                0x0000000050000000                _rtc_bss_end = ABSOLUTE (.)

.iram0.vectors  0x0000000040080000      0x400
                0x0000000040080000                _init_start = ABSOLUTE (.)
                0x0000000000000000                . = 0x0
 *(.WindowVectors.text)
 .WindowVectors.text
                0x0000000040080000      0x16a /home/sparky/esp/esp-idf/examples/peripherals/hud/build/freertos/libfreertos.a(xtensa_vectors.o)
                0x0000000040080000                _WindowOverflow4
                0x0000000040080040                _WindowUnderflow4
                0x0000000040080050                _xt_alloca_exc
                0x0000000040080080                _WindowOverflow8
                0x00000000400800c0                _WindowUnderflow8
                0x0000000040080100                _WindowOverflow12
                0x0000000040080140                _WindowUnderflow12
                0x0000000000000180                . = 0x180
 *fill*         0x000000004008016a       0x16 
 *(.Level2InterruptVector.text)
 .Level2InterruptVector.text
                0x0000000040080180        0x6 /home/sparky/esp/esp-idf/examples/peripherals/hud/build/freertos/libfreertos.a(xtensa_vectors.o)
                0x0000000040080180                _Level2Vector
                0x00000000000001c0                . = 0x1c0
 *fill*         0x0000000040080186       0x3a 
 *(.Level3InterruptVector.text)
 .Level3InterruptVector.text
                0x00000000400801c0        0x6 /home/sparky/esp/esp-idf/examples/peripherals/hud/build/freertos/libfreertos.a(xtensa_vectors.o)
                0x00000000400801c0                _Level3Vector
                0x0000000000000200                . = 0x200
 *fill*         0x00000000400801c6       0x3a 
 *(.Level4InterruptVector.text)
 .Level4InterruptVector.text
                0x0000000040080200        0x6 /home/sparky/esp/esp-idf/examples/peripherals/hud/build/freertos/libfreertos.a(xtensa_vectors.o)
                0x0000000040080200                _Level4Vector
                0x0000000000000240                . = 0x240
 *fill*         0x0000000040080206       0x3a 
 *(.Level5InterruptVector.text)
 .Level5InterruptVector.text
                0x0000000040080240        0x6 /home/sparky/esp/esp-idf/examples/peripherals/hud/build/freertos/libfreertos.a(xtensa_vectors.o)
                0x0000000040080240                _Level5Vector
                0x0000000000000280                . = 0x280
 *fill*         0x0000000040080246       0x3a 
 *(.DebugExceptionVector.text)
 .DebugExceptionVector.text
                0x0000000040080280        0x6 /home/sparky/esp/esp-idf/examples/peripherals/hud/build/freertos/libfreertos.a(xtensa_vectors.o)
                0x0000000040080280                _DebugExceptionVector
                0x00000000000002c0                . = 0x2c0
 *fill*         0x0000000040080286       0x3a 
 *(.NMIExceptionVector.text)
 .NMIExceptionVector.text
                0x00000000400802c0        0x6 /home/sparky/esp/esp-idf/examples/peripherals/hud/build/freertos/libfreertos.a(xtensa_vectors.o)
                0x00000000400802c0                _NMIExceptionVector
                0x0000000000000300                . = 0x300
 *fill*         0x00000000400802c6       0x3a 
 *(.KernelExceptionVector.text)
 .KernelExceptionVector.text
                0x0000000040080300        0x6 /home/sparky/esp/esp-idf/examples/peripherals/hud/build/freertos/libfreertos.a(xtensa_vectors.o)
                0x0000000040080300                _KernelExceptionVector
                0x0000000000000340                . = 0x340
 *fill*         0x0000000040080306       0x3a 
 *(.UserExceptionVector.text)
 .UserExceptionVector.text
                0x0000000040080340        0x6 /home/sparky/esp/esp-idf/examples/peripherals/hud/build/freertos/libfreertos.a(xtensa_vectors.o)
                0x0000000040080340                _UserExceptionVector
                0x00000000000003c0                . = 0x3c0
 *fill*         0x0000000040080346       0x7a 
 *(.DoubleExceptionVector.text)
 .DoubleExceptionVector.text
                0x00000000400803c0        0xf /home/sparky/esp/esp-idf/examples/peripherals/hud/build/freertos/libfreertos.a(xtensa_vectors.o)
                0x00000000400803c0                _DoubleExceptionVector
                0x0000000000000400                . = 0x400
 *fill*         0x00000000400803cf       0x31 
 *(.*Vector.literal)
 *(.UserEnter.literal)
 *(.UserEnter.text)
                0x0000000040080400                . = ALIGN (0x10)
 *(.entry.text)
 *(.init.literal)
 *(.init)
                0x0000000040080400                _init_end = ABSOLUTE (.)
                0x0000000000000000                _iram_start = 0x0

.iram0.text     0x0000000040080400     0x9734
                0x0000000040080400                _iram_text_start = ABSOLUTE (.)
 *(.iram1 .iram1.*)
 .iram1.literal
                0x0000000040080400        0xc /home/sparky/esp/esp-idf/examples/peripherals/hud/build/esp32/libesp32.a(cache_err_int.o)
                                         0x20 (size before relaxing)
 .iram1.literal
                0x000000004008040c       0xa8 /home/sparky/esp/esp-idf/examples/peripherals/hud/build/esp32/libesp32.a(cpu_start.o)
                                        0x1d4 (size before relaxing)
 .iram1.literal
                0x00000000400804b4        0xc /home/sparky/esp/esp-idf/examples/peripherals/hud/build/esp32/libesp32.a(clk.o)
                                         0x18 (size before relaxing)
 .iram1.literal
                0x00000000400804c0       0x1c /home/sparky/esp/esp-idf/examples/peripherals/hud/build/esp32/libesp32.a(crosscore_int.o)
                                         0x40 (size before relaxing)
 .iram1.literal
                0x00000000400804dc       0x20 /home/sparky/esp/esp-idf/examples/peripherals/hud/build/esp32/libesp32.a(ipc.o)
                                         0x34 (size before relaxing)
 .iram1.literal
                0x00000000400804fc       0x20 /home/sparky/esp/esp-idf/examples/peripherals/hud/build/esp32/libesp32.a(intr_alloc.o)
                                         0x7c (size before relaxing)
 .iram1.literal
                0x000000004008051c       0x20 /home/sparky/esp/esp-idf/examples/peripherals/hud/build/esp32/libesp32.a(esp_timer.o)
                                         0x54 (size before relaxing)
 .iram1.literal
                0x000000004008053c       0x34 /home/sparky/esp/esp-idf/examples/peripherals/hud/build/esp32/libesp32.a(dport_access.o)
                                         0x7c (size before relaxing)
 .iram1.literal
                0x0000000040080570       0x6c /home/sparky/esp/esp-idf/examples/peripherals/hud/build/esp32/libesp32.a(system_api.o)
                                         0xc8 (size before relaxing)
 .iram1.literal
                0x00000000400805dc        0x4 /home/sparky/esp/esp-idf/examples/peripherals/hud/build/esp32/libesp32.a(int_wdt.o)
                                          0xc (size before relaxing)
 .iram1.literal
                0x00000000400805e0       0x10 /home/sparky/esp/esp-idf/examples/peripherals/hud/build/esp32/libesp32.a(dport_panic_highint_hdl.o)
                                         0x28 (size before relaxing)
 .iram1.literal
                0x00000000400805f0       0x44 /home/sparky/esp/esp-idf/examples/peripherals/hud/build/esp32/libesp32.a(esp_timer_esp32.o)
                                         0xc8 (size before relaxing)
 .iram1.literal
                0x0000000040080634        0x4 /home/sparky/esp/esp-idf/examples/peripherals/hud/build/esp32/libesp32.a(freertos_hooks.o)
 .iram1.literal
                0x0000000040080638        0x4 /home/sparky/esp/esp-idf/examples/peripherals/hud/build/freertos/libfreertos.a(port.o)
 .iram1.literal
                0x000000004008063c       0x44 /home/sparky/esp/esp-idf/examples/peripherals/hud/build/freertos/libfreertos.a(xtensa_vectors.o)
                                         0x68 (size before relaxing)
 .iram1.literal
                0x0000000040080680       0x58 /home/sparky/esp/esp-idf/examples/peripherals/hud/build/heap/libheap.a(heap_caps.o)
                                         0xb0 (size before relaxing)
 .iram1.literal
                0x00000000400806d8       0x24 /home/sparky/esp/esp-idf/examples/peripherals/hud/build/log/liblog.a(log.o)
                                         0x48 (size before relaxing)
 .iram1.literal
                0x00000000400806fc        0xc /home/sparky/esp/esp-idf/examples/peripherals/hud/build/main/libmain.a(main.o)
                                         0x1c (size before relaxing)
 .iram1.literal
                0x0000000040080708        0x0 /home/sparky/esp/esp-idf/examples/peripherals/hud/build/newlib/libnewlib.a(time.o)
                                         0x1c (size before relaxing)
 .iram1.literal
                0x0000000040080708        0x0 /home/sparky/esp/esp-idf/examples/peripherals/hud/build/newlib/libnewlib.a(syscalls.o)
                                         0x14 (size before relaxing)
 .iram1.literal
                0x0000000040080708        0x8 /home/sparky/esp/esp-idf/examples/peripherals/hud/build/newlib/libnewlib.a(reent_init.o)
                                         0x10 (size before relaxing)
 .iram1.literal
                0x0000000040080710       0x14 /home/sparky/esp/esp-idf/examples/peripherals/hud/build/newlib/libnewlib.a(locks.o)
                                         0x90 (size before relaxing)
 .iram1.literal
                0x0000000040080724       0x1c /home/sparky/esp/esp-idf/examples/peripherals/hud/build/soc/libsoc.a(cpu_util.o)
                                         0x30 (size before relaxing)
 .iram1.literal
                0x0000000040080740       0x50 /home/sparky/esp/esp-idf/examples/peripherals/hud/build/spi_flash/libspi_flash.a(cache_utils.o)
                                        0x144 (size before relaxing)
 .iram1.literal
                0x0000000040080790       0x38 /home/sparky/esp/esp-idf/examples/peripherals/hud/build/spi_flash/libspi_flash.a(flash_ops.o)
                                         0xe4 (size before relaxing)
 .iram1.literal
                0x00000000400807c8       0x4c /home/sparky/esp/esp-idf/examples/peripherals/hud/build/spi_flash/libspi_flash.a(flash_mmap.o)
                                        0x108 (size before relaxing)
 .iram1.literal
                0x0000000040080814        0x8 /home/sparky/esp/esp-idf/examples/peripherals/hud/build/driver/libdriver.a(gpio.o)
 .iram1.literal
                0x000000004008081c       0x3c /home/sparky/esp/esp-idf/examples/peripherals/hud/build/driver/libdriver.a(i2c.o)
                                         0xc4 (size before relaxing)
 .literal.xt_unhandled_interrupt
                0x0000000040080858        0x4 /home/sparky/esp/esp-idf/examples/peripherals/hud/build/freertos/libfreertos.a(xtensa_intr.o)
                                          0x8 (size before relaxing)
 .literal.xt_set_interrupt_handler
                0x000000004008085c        0x8 /home/sparky/esp/esp-idf/examples/peripherals/hud/build/freertos/libfreertos.a(xtensa_intr.o)
                                          0xc (size before relaxing)
 .literal.prvIsQueueFull
                0x0000000040080864        0x0 /home/sparky/esp/esp-idf/examples/peripherals/hud/build/freertos/libfreertos.a(queue.o)
                                          0x8 (size before relaxing)
 .literal.prvCopyDataToQueue
                0x0000000040080864        0x0 /home/sparky/esp/esp-idf/examples/peripherals/hud/build/freertos/libfreertos.a(queue.o)
                                          0xc (size before relaxing)
 .literal.prvNotifyQueueSetContainer
                0x0000000040080864       0x14 /home/sparky/esp/esp-idf/examples/peripherals/hud/build/freertos/libfreertos.a(queue.o)
                                         0x2c (size before relaxing)
 .literal.prvCopyDataFromQueue
                0x0000000040080878        0x0 /home/sparky/esp/esp-idf/examples/peripherals/hud/build/freertos/libfreertos.a(queue.o)
                                          0x4 (size before relaxing)
 .literal.xQueueGenericReset
                0x0000000040080878        0x4 /home/sparky/esp/esp-idf/examples/peripherals/hud/build/freertos/libfreertos.a(queue.o)
                                         0x30 (size before relaxing)
 .literal.prvInitialiseNewQueue
                0x000000004008087c        0x0 /home/sparky/esp/esp-idf/examples/peripherals/hud/build/freertos/libfreertos.a(queue.o)
                                          0x4 (size before relaxing)
 .literal.xQueueGenericCreate
                0x000000004008087c        0x4 /home/sparky/esp/esp-idf/examples/peripherals/hud/build/freertos/libfreertos.a(queue.o)
                                         0x1c (size before relaxing)
 .literal.xQueueGetMutexHolder
                0x0000000040080880        0x0 /home/sparky/esp/esp-idf/examples/peripherals/hud/build/freertos/libfreertos.a(queue.o)
                                          0x8 (size before relaxing)
 .literal.xQueueCreateCountingSemaphore
                0x0000000040080880        0x4 /home/sparky/esp/esp-idf/examples/peripherals/hud/build/freertos/libfreertos.a(queue.o)
                                         0x28 (size before relaxing)
 .literal.xQueueGenericSend
                0x0000000040080884        0x4 /home/sparky/esp/esp-idf/examples/peripherals/hud/build/freertos/libfreertos.a(queue.o)
                                         0x7c (size before relaxing)
 .literal.prvInitialiseMutex
                0x0000000040080888        0x0 /home/sparky/esp/esp-idf/examples/peripherals/hud/build/freertos/libfreertos.a(queue.o)
                                          0x8 (size before relaxing)
 .literal.xQueueCreateMutex
                0x0000000040080888        0x0 /home/sparky/esp/esp-idf/examples/peripherals/hud/build/freertos/libfreertos.a(queue.o)
                                          0x8 (size before relaxing)
 .literal.xQueueGiveMutexRecursive
                0x0000000040080888        0x4 /home/sparky/esp/esp-idf/examples/peripherals/hud/build/freertos/libfreertos.a(queue.o)
                                         0x1c (size before relaxing)
 .literal.xQueueGenericSendFromISR
                0x000000004008088c        0x4 /home/sparky/esp/esp-idf/examples/peripherals/hud/build/freertos/libfreertos.a(queue.o)
                                         0x3c (size before relaxing)
 .literal.xQueueGiveFromISR
                0x0000000040080890        0x4 /home/sparky/esp/esp-idf/examples/peripherals/hud/build/freertos/libfreertos.a(queue.o)
                                         0x30 (size before relaxing)
 .literal.xQueueGenericReceive
                0x0000000040080894        0x4 /home/sparky/esp/esp-idf/examples/peripherals/hud/build/freertos/libfreertos.a(queue.o)
                                         0x78 (size before relaxing)
 .literal.xQueueTakeMutexRecursive
                0x0000000040080898        0x4 /home/sparky/esp/esp-idf/examples/peripherals/hud/build/freertos/libfreertos.a(queue.o)
                                         0x1c (size before relaxing)
 .literal.xQueueReceiveFromISR
                0x000000004008089c        0x4 /home/sparky/esp/esp-idf/examples/peripherals/hud/build/freertos/libfreertos.a(queue.o)
                                         0x30 (size before relaxing)
 .literal.vQueueDelete
                0x00000000400808a0        0x4 /home/sparky/esp/esp-idf/examples/peripherals/hud/build/freertos/libfreertos.a(queue.o)
                                         0x18 (size before relaxing)
 .literal.vQueueWaitForMessageRestricted
                0x00000000400808a4        0x0 /home/sparky/esp/esp-idf/examples/peripherals/hud/build/freertos/libfreertos.a(queue.o)
                                          0xc (size before relaxing)
 .literal.pxPortInitialiseStack
                0x00000000400808a4        0x4 /home/sparky/esp/esp-idf/examples/peripherals/hud/build/freertos/libfreertos.a(port.o)
                                          0x8 (size before relaxing)
 .literal.xPortStartScheduler
                0x00000000400808a8        0x0 /home/sparky/esp/esp-idf/examples/peripherals/hud/build/freertos/libfreertos.a(port.o)
                                         0x14 (size before relaxing)
 .literal.xPortSysTickHandler
                0x00000000400808a8        0x0 /home/sparky/esp/esp-idf/examples/peripherals/hud/build/freertos/libfreertos.a(port.o)
                                          0x8 (size before relaxing)
 .literal.vPortYieldOtherCore
                0x00000000400808a8        0x0 /home/sparky/esp/esp-idf/examples/peripherals/hud/build/freertos/libfreertos.a(port.o)
                                          0x4 (size before relaxing)
 .literal.vPortReleaseTaskMPUSettings
                0x00000000400808a8        0x0 /home/sparky/esp/esp-idf/examples/peripherals/hud/build/freertos/libfreertos.a(port.o)
                                          0x4 (size before relaxing)
 .literal.xPortInIsrContext
                0x00000000400808a8        0x0 /home/sparky/esp/esp-idf/examples/peripherals/hud/build/freertos/libfreertos.a(port.o)
                                          0x8 (size before relaxing)
 .literal.vPortCPUInitializeMutex
                0x00000000400808a8        0x4 /home/sparky/esp/esp-idf/examples/peripherals/hud/build/freertos/libfreertos.a(port.o)
 .literal.vPortCPUAcquireMutex
                0x00000000400808ac       0x1c /home/sparky/esp/esp-idf/examples/peripherals/hud/build/freertos/libfreertos.a(port.o)
                                         0x30 (size before relaxing)
 .literal.vPortCPUReleaseMutex
                0x00000000400808c8       0x10 /home/sparky/esp/esp-idf/examples/peripherals/hud/build/freertos/libfreertos.a(port.o)
                                         0x28 (size before relaxing)
 .literal.prvResetNextTaskUnblockTime
                0x00000000400808d8        0x8 /home/sparky/esp/esp-idf/examples/peripherals/hud/build/freertos/libfreertos.a(tasks.o)
 .literal.prvDeleteTLS
                0x00000000400808e0       0x10 /home/sparky/esp/esp-idf/examples/peripherals/hud/build/freertos/libfreertos.a(tasks.o)
                                         0x18 (size before relaxing)
 .literal.prvInitialiseNewTask
                0x00000000400808f0        0x0 /home/sparky/esp/esp-idf/examples/peripherals/hud/build/freertos/libfreertos.a(tasks.o)
                                         0x18 (size before relaxing)
 .literal.prvInitialiseTaskLists
                0x00000000400808f0       0x20 /home/sparky/esp/esp-idf/examples/peripherals/hud/build/freertos/libfreertos.a(tasks.o)
                                         0x40 (size before relaxing)
 .literal.prvDeleteTCB
                0x0000000040080910        0x8 /home/sparky/esp/esp-idf/examples/peripherals/hud/build/freertos/libfreertos.a(tasks.o)
                                         0x2c (size before relaxing)
 .literal.prvAddCurrentTaskToDelayedList
                0x0000000040080918        0x4 /home/sparky/esp/esp-idf/examples/peripherals/hud/build/freertos/libfreertos.a(tasks.o)
                                         0x1c (size before relaxing)
 .literal.taskYIELD_OTHER_CORE
                0x000000004008091c        0x0 /home/sparky/esp/esp-idf/examples/peripherals/hud/build/freertos/libfreertos.a(tasks.o)
                                         0x10 (size before relaxing)
 .literal.vTaskSuspendAll
                0x000000004008091c        0x4 /home/sparky/esp/esp-idf/examples/peripherals/hud/build/freertos/libfreertos.a(tasks.o)
                                          0x8 (size before relaxing)
 .literal.vTaskSwitchContext
                0x0000000040080920       0x18 /home/sparky/esp/esp-idf/examples/peripherals/hud/build/freertos/libfreertos.a(tasks.o)
                                         0x3c (size before relaxing)
 .literal.vTaskSetTimeOutState
                0x0000000040080938        0xc /home/sparky/esp/esp-idf/examples/peripherals/hud/build/freertos/libfreertos.a(tasks.o)
                                         0x20 (size before relaxing)
 .literal.xTaskGetCurrentTaskHandle
                0x0000000040080944        0x0 /home/sparky/esp/esp-idf/examples/peripherals/hud/build/freertos/libfreertos.a(tasks.o)
                                          0x8 (size before relaxing)
 .literal.__getreent
                0x0000000040080944        0x0 /home/sparky/esp/esp-idf/examples/peripherals/hud/build/freertos/libfreertos.a(tasks.o)
                                          0x8 (size before relaxing)
 .literal.xTaskGetSchedulerState
                0x0000000040080944        0x4 /home/sparky/esp/esp-idf/examples/peripherals/hud/build/freertos/libfreertos.a(tasks.o)
                                          0xc (size before relaxing)
 .literal.vTaskEnterCritical
                0x0000000040080948       0x14 /home/sparky/esp/esp-idf/examples/peripherals/hud/build/freertos/libfreertos.a(tasks.o)
                                         0x34 (size before relaxing)
 .literal.vTaskExitCritical
                0x000000004008095c       0x10 /home/sparky/esp/esp-idf/examples/peripherals/hud/build/freertos/libfreertos.a(tasks.o)
                                         0x30 (size before relaxing)
 .literal.prvAddNewTaskToReadyList
                0x000000004008096c       0x10 /home/sparky/esp/esp-idf/examples/peripherals/hud/build/freertos/libfreertos.a(tasks.o)
                                         0x58 (size before relaxing)
 .literal.xTaskCreatePinnedToCore
                0x000000004008097c        0x0 /home/sparky/esp/esp-idf/examples/peripherals/hud/build/freertos/libfreertos.a(tasks.o)
                                         0x18 (size before relaxing)
 .literal.vTaskStartScheduler
                0x000000004008097c       0x14 /home/sparky/esp/esp-idf/examples/peripherals/hud/build/freertos/libfreertos.a(tasks.o)
                                         0x38 (size before relaxing)
 .literal.vTaskDelete
                0x0000000040080990        0x8 /home/sparky/esp/esp-idf/examples/peripherals/hud/build/freertos/libfreertos.a(tasks.o)
                                         0x60 (size before relaxing)
 .literal.vTaskDelay
                0x0000000040080998        0x4 /home/sparky/esp/esp-idf/examples/peripherals/hud/build/freertos/libfreertos.a(tasks.o)
                                         0x38 (size before relaxing)
 .literal.vTaskPrioritySet
                0x000000004008099c        0x4 /home/sparky/esp/esp-idf/examples/peripherals/hud/build/freertos/libfreertos.a(tasks.o)
                                         0x44 (size before relaxing)
 .literal.vTaskSuspend
                0x00000000400809a0        0x4 /home/sparky/esp/esp-idf/examples/peripherals/hud/build/freertos/libfreertos.a(tasks.o)
                                         0x60 (size before relaxing)
 .literal.prvCheckTasksWaitingTermination
                0x00000000400809a4        0x8 /home/sparky/esp/esp-idf/examples/peripherals/hud/build/freertos/libfreertos.a(tasks.o)
                                         0x30 (size before relaxing)
 .literal.prvIdleTask
                0x00000000400809ac        0x0 /home/sparky/esp/esp-idf/examples/peripherals/hud/build/freertos/libfreertos.a(tasks.o)
                                          0x8 (size before relaxing)
 .literal.xTaskGetTickCount
                0x00000000400809ac        0x4 /home/sparky/esp/esp-idf/examples/peripherals/hud/build/freertos/libfreertos.a(tasks.o)
                                         0x10 (size before relaxing)
 .literal.xTaskIncrementTick
                0x00000000400809b0        0xc /home/sparky/esp/esp-idf/examples/peripherals/hud/build/freertos/libfreertos.a(tasks.o)
                                         0x78 (size before relaxing)
 .literal.xTaskResumeAll
                0x00000000400809bc        0x8 /home/sparky/esp/esp-idf/examples/peripherals/hud/build/freertos/libfreertos.a(tasks.o)
                                         0x5c (size before relaxing)
 .literal.vTaskPlaceOnEventList
                0x00000000400809c4        0x8 /home/sparky/esp/esp-idf/examples/peripherals/hud/build/freertos/libfreertos.a(tasks.o)
                                         0x40 (size before relaxing)
 .literal.vTaskPlaceOnEventListRestricted
                0x00000000400809cc        0x8 /home/sparky/esp/esp-idf/examples/peripherals/hud/build/freertos/libfreertos.a(tasks.o)
                                         0x38 (size before relaxing)
 .literal.xTaskRemoveFromEventList
                0x00000000400809d4        0x8 /home/sparky/esp/esp-idf/examples/peripherals/hud/build/freertos/libfreertos.a(tasks.o)
                                         0x58 (size before relaxing)
 .literal.xTaskCheckForTimeOut
                0x00000000400809dc        0xc /home/sparky/esp/esp-idf/examples/peripherals/hud/build/freertos/libfreertos.a(tasks.o)
                                         0x3c (size before relaxing)
 .literal.vTaskPriorityInherit
                0x00000000400809e8        0x0 /home/sparky/esp/esp-idf/examples/peripherals/hud/build/freertos/libfreertos.a(tasks.o)
                                         0x2c (size before relaxing)
 .literal.xTaskPriorityDisinherit
                0x00000000400809e8        0x8 /home/sparky/esp/esp-idf/examples/peripherals/hud/build/freertos/libfreertos.a(tasks.o)
                                         0x40 (size before relaxing)
 .literal.pvTaskIncrementMutexHeldCount
                0x00000000400809f0        0x0 /home/sparky/esp/esp-idf/examples/peripherals/hud/build/freertos/libfreertos.a(tasks.o)
                                         0x10 (size before relaxing)
 .literal.prvGetNextExpireTime
                0x00000000400809f0        0x4 /home/sparky/esp/esp-idf/examples/peripherals/hud/build/freertos/libfreertos.a(timers.o)
 .literal.prvInsertTimerInActiveList
                0x00000000400809f4        0x4 /home/sparky/esp/esp-idf/examples/peripherals/hud/build/freertos/libfreertos.a(timers.o)
                                         0x10 (size before relaxing)
 .literal.prvCheckForValidListAndQueue
                0x00000000400809f8       0x1c /home/sparky/esp/esp-idf/examples/peripherals/hud/build/freertos/libfreertos.a(timers.o)
                                         0x44 (size before relaxing)
 .literal.xTimerCreateTimerTask
                0x0000000040080a14        0xc /home/sparky/esp/esp-idf/examples/peripherals/hud/build/freertos/libfreertos.a(timers.o)
                                         0x2c (size before relaxing)
 .literal.xTimerGenericCommand
                0x0000000040080a20        0x0 /home/sparky/esp/esp-idf/examples/peripherals/hud/build/freertos/libfreertos.a(timers.o)
                                         0x14 (size before relaxing)
 .literal.prvSwitchTimerLists
                0x0000000040080a20        0x4 /home/sparky/esp/esp-idf/examples/peripherals/hud/build/freertos/libfreertos.a(timers.o)
                                         0x28 (size before relaxing)
 .literal.prvSampleTimeNow
                0x0000000040080a24        0x4 /home/sparky/esp/esp-idf/examples/peripherals/hud/build/freertos/libfreertos.a(timers.o)
                                          0xc (size before relaxing)
 .literal.prvProcessExpiredTimer
                0x0000000040080a28        0x4 /home/sparky/esp/esp-idf/examples/peripherals/hud/build/freertos/libfreertos.a(timers.o)
                                         0x24 (size before relaxing)
 .literal.prvProcessTimerOrBlockTask
                0x0000000040080a2c        0x0 /home/sparky/esp/esp-idf/examples/peripherals/hud/build/freertos/libfreertos.a(timers.o)
                                         0x24 (size before relaxing)
 .literal.prvProcessReceivedCommands
                0x0000000040080a2c        0x8 /home/sparky/esp/esp-idf/examples/peripherals/hud/build/freertos/libfreertos.a(timers.o)
                                         0x40 (size before relaxing)
 .literal.prvTimerTask
                0x0000000040080a34        0x0 /home/sparky/esp/esp-idf/examples/peripherals/hud/build/freertos/libfreertos.a(timers.o)
                                          0xc (size before relaxing)
 .literal       0x0000000040080a34        0x0 /home/sparky/esp/esp-idf/examples/peripherals/hud/build/freertos/libfreertos.a(xtensa_context.o)
                                         0x10 (size before relaxing)
 .literal       0x0000000040080a34       0x10 /home/sparky/esp/esp-idf/examples/peripherals/hud/build/freertos/libfreertos.a(portasm.o)
                                         0x54 (size before relaxing)
 .literal._xt_tick_divisor_init
                0x0000000040080a44        0x4 /home/sparky/esp/esp-idf/examples/peripherals/hud/build/freertos/libfreertos.a(xtensa_init.o)
                                          0xc (size before relaxing)
 .literal.returnItemToRingbufBytebuf
                0x0000000040080a48        0xc /home/sparky/esp/esp-idf/examples/peripherals/hud/build/freertos/libfreertos.a(ringbuf.o)
                                         0x1c (size before relaxing)
 .literal.returnItemToRingbufDefault
                0x0000000040080a54        0x4 /home/sparky/esp/esp-idf/examples/peripherals/hud/build/freertos/libfreertos.a(ringbuf.o)
                                         0x44 (size before relaxing)
 .literal.getItemFromRingbufDefault
                0x0000000040080a58        0x4 /home/sparky/esp/esp-idf/examples/peripherals/hud/build/freertos/libfreertos.a(ringbuf.o)
                                         0x24 (size before relaxing)
 .literal.copyItemToRingbufNoSplit
                0x0000000040080a5c        0x4 /home/sparky/esp/esp-idf/examples/peripherals/hud/build/freertos/libfreertos.a(ringbuf.o)
                                         0x24 (size before relaxing)
 .literal.copyItemToRingbufByteBuf
                0x0000000040080a60        0x0 /home/sparky/esp/esp-idf/examples/peripherals/hud/build/freertos/libfreertos.a(ringbuf.o)
                                          0x8 (size before relaxing)
 .literal.copyItemToRingbufAllowSplit
                0x0000000040080a60        0x4 /home/sparky/esp/esp-idf/examples/peripherals/hud/build/freertos/libfreertos.a(ringbuf.o)
                                         0x34 (size before relaxing)
 .literal.xRingbufferCreate
                0x0000000040080a64       0x2c /home/sparky/esp/esp-idf/examples/peripherals/hud/build/freertos/libfreertos.a(ringbuf.o)
                                         0x64 (size before relaxing)
 .literal.vRingbufferDelete
                0x0000000040080a90        0x0 /home/sparky/esp/esp-idf/examples/peripherals/hud/build/freertos/libfreertos.a(ringbuf.o)
                                         0x10 (size before relaxing)
 .literal.xRingbufferSendFromISR
                0x0000000040080a90        0x4 /home/sparky/esp/esp-idf/examples/peripherals/hud/build/freertos/libfreertos.a(ringbuf.o)
                                         0x24 (size before relaxing)
 .literal.xRingbufferReceiveUpToFromISR
                0x0000000040080a94        0x4 /home/sparky/esp/esp-idf/examples/peripherals/hud/build/freertos/libfreertos.a(ringbuf.o)
                                         0x24 (size before relaxing)
 .literal.vRingbufferReturnItemFromISR
                0x0000000040080a98        0x0 /home/sparky/esp/esp-idf/examples/peripherals/hud/build/freertos/libfreertos.a(ringbuf.o)
                                          0xc (size before relaxing)
 .literal.get_prev_free_block
                0x0000000040080a98       0x10 /home/sparky/esp/esp-idf/examples/peripherals/hud/build/heap/libheap.a(multi_heap.o)
                                         0x28 (size before relaxing)
 .literal.split_if_necessary
                0x0000000040080aa8        0x8 /home/sparky/esp/esp-idf/examples/peripherals/hud/build/heap/libheap.a(multi_heap.o)
                                         0x38 (size before relaxing)
 .literal.assert_valid_block
                0x0000000040080ab0        0x8 /home/sparky/esp/esp-idf/examples/peripherals/hud/build/heap/libheap.a(multi_heap.o)
                                         0x2c (size before relaxing)
 .literal.merge_adjacent
                0x0000000040080ab8        0x8 /home/sparky/esp/esp-idf/examples/peripherals/hud/build/heap/libheap.a(multi_heap.o)
                                         0x4c (size before relaxing)
 .literal.multi_heap_get_allocated_size_impl
                0x0000000040080ac0        0x0 /home/sparky/esp/esp-idf/examples/peripherals/hud/build/heap/libheap.a(multi_heap.o)
                                         0x10 (size before relaxing)
 .literal.multi_heap_malloc_impl
                0x0000000040080ac0        0x0 /home/sparky/esp/esp-idf/examples/peripherals/hud/build/heap/libheap.a(multi_heap.o)
                                         0x28 (size before relaxing)
 .literal.multi_heap_free_impl
                0x0000000040080ac0        0x0 /home/sparky/esp/esp-idf/examples/peripherals/hud/build/heap/libheap.a(multi_heap.o)
                                         0x50 (size before relaxing)
 .literal.multi_heap_realloc_impl
                0x0000000040080ac0        0x8 /home/sparky/esp/esp-idf/examples/peripherals/hud/build/heap/libheap.a(multi_heap.o)
                                         0x68 (size before relaxing)
 .literal.panicPutChar
                0x0000000040080ac8        0x8 /home/sparky/esp/esp-idf/examples/peripherals/hud/build/esp32/libesp32.a(panic.o)
 .literal.panicPutStr
                0x0000000040080ad0        0x0 /home/sparky/esp/esp-idf/examples/peripherals/hud/build/esp32/libesp32.a(panic.o)
                                          0x4 (size before relaxing)
 .literal.panicPutHex
                0x0000000040080ad0        0x0 /home/sparky/esp/esp-idf/examples/peripherals/hud/build/esp32/libesp32.a(panic.o)
                                          0x8 (size before relaxing)
 .literal.panicPutDec
                0x0000000040080ad0        0x4 /home/sparky/esp/esp-idf/examples/peripherals/hud/build/esp32/libesp32.a(panic.o)
                                         0x10 (size before relaxing)
 .literal.reconfigureAllWdts
                0x0000000040080ad4       0x10 /home/sparky/esp/esp-idf/examples/peripherals/hud/build/esp32/libesp32.a(panic.o)
                                         0x24 (size before relaxing)
 .literal.putEntry
                0x0000000040080ae4       0x10 /home/sparky/esp/esp-idf/examples/peripherals/hud/build/esp32/libesp32.a(panic.o)
                                         0x20 (size before relaxing)
 .literal.doBacktrace
                0x0000000040080af4       0x10 /home/sparky/esp/esp-idf/examples/peripherals/hud/build/esp32/libesp32.a(panic.o)
                                         0x24 (size before relaxing)
 .literal.invoke_abort
                0x0000000040080b04        0x4 /home/sparky/esp/esp-idf/examples/peripherals/hud/build/esp32/libesp32.a(panic.o)
                                          0x8 (size before relaxing)
 .literal.haltOtherCore
                0x0000000040080b08        0x0 /home/sparky/esp/esp-idf/examples/peripherals/hud/build/esp32/libesp32.a(panic.o)
                                          0x4 (size before relaxing)
 .literal.esp_panic_wdt_start
                0x0000000040080b08       0x14 /home/sparky/esp/esp-idf/examples/peripherals/hud/build/esp32/libesp32.a(panic.o)
                                         0x2c (size before relaxing)
 .literal.commonErrorHandler_dump
                0x0000000040080b1c       0x30 /home/sparky/esp/esp-idf/examples/peripherals/hud/build/esp32/libesp32.a(panic.o)
                                         0x90 (size before relaxing)
 .literal.esp_panic_dig_reset
                0x0000000040080b4c        0x0 /home/sparky/esp/esp-idf/examples/peripherals/hud/build/esp32/libesp32.a(panic.o)
                                         0x14 (size before relaxing)
 .literal.abort
                0x0000000040080b4c        0x8 /home/sparky/esp/esp-idf/examples/peripherals/hud/build/esp32/libesp32.a(panic.o)
                                         0x10 (size before relaxing)
 .literal.vApplicationStackOverflowHook
                0x0000000040080b54        0x8 /home/sparky/esp/esp-idf/examples/peripherals/hud/build/esp32/libesp32.a(panic.o)
                                         0x18 (size before relaxing)
 .literal.esp_panic_wdt_stop
                0x0000000040080b5c        0x0 /home/sparky/esp/esp-idf/examples/peripherals/hud/build/esp32/libesp32.a(panic.o)
                                         0x18 (size before relaxing)
 .literal.commonErrorHandler
                0x0000000040080b5c        0x4 /home/sparky/esp/esp-idf/examples/peripherals/hud/build/esp32/libesp32.a(panic.o)
                                         0x28 (size before relaxing)
 .literal.panicHandler
                0x0000000040080b60       0x34 /home/sparky/esp/esp-idf/examples/peripherals/hud/build/esp32/libesp32.a(panic.o)
                                         0xa4 (size before relaxing)
 .literal.xt_unhandled_exception
                0x0000000040080b94       0x14 /home/sparky/esp/esp-idf/examples/peripherals/hud/build/esp32/libesp32.a(panic.o)
                                         0x60 (size before relaxing)
 .literal._esp_error_check_failed
                0x0000000040080ba8        0xc /home/sparky/esp/esp-idf/examples/peripherals/hud/build/esp32/libesp32.a(panic.o)
                                         0x1c (size before relaxing)
 .literal.rtc_init
                0x0000000040080bb4       0x9c /home/sparky/esp/esp-idf/examples/peripherals/hud/build/soc/libsoc.a(rtc_init.o)
                                        0x100 (size before relaxing)
 .literal.rtc_clk_cal_internal
                0x0000000040080c50       0x1c /home/sparky/esp/esp-idf/examples/peripherals/hud/build/soc/libsoc.a(rtc_time.o)
                                         0x3c (size before relaxing)
 .literal.rtc_clk_cal
                0x0000000040080c6c        0x0 /home/sparky/esp/esp-idf/examples/peripherals/hud/build/soc/libsoc.a(rtc_time.o)
                                          0xc (size before relaxing)
 .literal.rtc_time_get
                0x0000000040080c6c       0x10 /home/sparky/esp/esp-idf/examples/peripherals/hud/build/soc/libsoc.a(rtc_time.o)
                                         0x18 (size before relaxing)
 .literal.rtc_clk_wait_for_slow_cycle
                0x0000000040080c7c        0x8 /home/sparky/esp/esp-idf/examples/peripherals/hud/build/soc/libsoc.a(rtc_time.o)
                                         0x20 (size before relaxing)
 .literal.rtc_clk_32k_enable_internal
                0x0000000040080c84       0x14 /home/sparky/esp/esp-idf/examples/peripherals/hud/build/soc/libsoc.a(rtc_clk.o)
 .literal.rtc_clk_32k_enable
                0x0000000040080c98        0x0 /home/sparky/esp/esp-idf/examples/peripherals/hud/build/soc/libsoc.a(rtc_clk.o)
                                          0xc (size before relaxing)
 .literal.rtc_clk_slow_freq_set
                0x0000000040080c98        0x0 /home/sparky/esp/esp-idf/examples/peripherals/hud/build/soc/libsoc.a(rtc_clk.o)
                                          0xc (size before relaxing)
 .literal.rtc_clk_slow_freq_get
                0x0000000040080c98        0x0 /home/sparky/esp/esp-idf/examples/peripherals/hud/build/soc/libsoc.a(rtc_clk.o)
                                          0x4 (size before relaxing)
 .literal.rtc_clk_slow_freq_get_hz
                0x0000000040080c98        0x0 /home/sparky/esp/esp-idf/examples/peripherals/hud/build/soc/libsoc.a(rtc_clk.o)
                                         0x10 (size before relaxing)
 .literal.rtc_clk_fast_freq_set
                0x0000000040080c98        0x0 /home/sparky/esp/esp-idf/examples/peripherals/hud/build/soc/libsoc.a(rtc_clk.o)
                                          0xc (size before relaxing)
 .literal.rtc_clk_bbpll_set
                0x0000000040080c98        0x4 /home/sparky/esp/esp-idf/examples/peripherals/hud/build/soc/libsoc.a(rtc_clk.o)
                                         0x38 (size before relaxing)
 .literal.rtc_clk_xtal_freq_get
                0x0000000040080c9c        0xc /home/sparky/esp/esp-idf/examples/peripherals/hud/build/soc/libsoc.a(rtc_clk.o)
                                         0x1c (size before relaxing)
 .literal.rtc_clk_cpu_freq_get
                0x0000000040080ca8       0x14 /home/sparky/esp/esp-idf/examples/peripherals/hud/build/soc/libsoc.a(rtc_clk.o)
                                         0x30 (size before relaxing)
 .literal.rtc_clk_cpu_freq_value
                0x0000000040080cbc       0x1c /home/sparky/esp/esp-idf/examples/peripherals/hud/build/soc/libsoc.a(rtc_clk.o)
                                         0x2c (size before relaxing)
 .literal.rtc_clk_apb_freq_update
                0x0000000040080cd8        0x4 /home/sparky/esp/esp-idf/examples/peripherals/hud/build/soc/libsoc.a(rtc_clk.o)
                                          0x8 (size before relaxing)
 .literal.rtc_clk_cpu_freq_set
                0x0000000040080cdc       0x14 /home/sparky/esp/esp-idf/examples/peripherals/hud/build/soc/libsoc.a(rtc_clk.o)
                                         0x98 (size before relaxing)
 .literal.rtc_clk_apb_freq_get
                0x0000000040080cf0        0x8 /home/sparky/esp/esp-idf/examples/peripherals/hud/build/soc/libsoc.a(rtc_clk.o)
                                         0x14 (size before relaxing)
 .literal       0x0000000040080cf8        0x0 /home/sparky/esp/esp-idf/components/esp32/libhal.a(windowspill_asm.o)
                                          0x4 (size before relaxing)
 .literal.esp_rom_spiflash_read_status
                0x0000000040080cf8       0x10 /home/sparky/esp/esp-idf/examples/peripherals/hud/build/spi_flash/libspi_flash.a(spi_flash_rom_patch.o)
                                         0x14 (size before relaxing)
 .literal.esp_rom_spiflash_wait_idle
                0x0000000040080d08        0x8 /home/sparky/esp/esp-idf/examples/peripherals/hud/build/spi_flash/libspi_flash.a(spi_flash_rom_patch.o)
                                          0xc (size before relaxing)
 .literal.esp_rom_spiflash_erase_block_internal
                0x0000000040080d10        0x4 /home/sparky/esp/esp-idf/examples/peripherals/hud/build/spi_flash/libspi_flash.a(spi_flash_rom_patch.o)
                                         0x18 (size before relaxing)
 .literal.esp_rom_spiflash_erase_sector_internal
                0x0000000040080d14        0x0 /home/sparky/esp/esp-idf/examples/peripherals/hud/build/spi_flash/libspi_flash.a(spi_flash_rom_patch.o)
                                         0x18 (size before relaxing)
 .literal.esp_rom_spiflash_read_data
                0x0000000040080d14       0x18 /home/sparky/esp/esp-idf/examples/peripherals/hud/build/spi_flash/libspi_flash.a(spi_flash_rom_patch.o)
                                         0x34 (size before relaxing)
 .literal.esp_rom_spiflash_enable_write
                0x0000000040080d2c        0x0 /home/sparky/esp/esp-idf/examples/peripherals/hud/build/spi_flash/libspi_flash.a(spi_flash_rom_patch.o)
                                         0x10 (size before relaxing)
 .literal.esp_rom_spiflash_program_page_internal
                0x0000000040080d2c       0x10 /home/sparky/esp/esp-idf/examples/peripherals/hud/build/spi_flash/libspi_flash.a(spi_flash_rom_patch.o)
                                         0x40 (size before relaxing)
 .literal.esp_rom_spiflash_read_statushigh
                0x0000000040080d3c        0x4 /home/sparky/esp/esp-idf/examples/peripherals/hud/build/spi_flash/libspi_flash.a(spi_flash_rom_patch.o)
                                          0xc (size before relaxing)
 .literal.esp_rom_spiflash_write_status
                0x0000000040080d40        0x4 /home/sparky/esp/esp-idf/examples/peripherals/hud/build/spi_flash/libspi_flash.a(spi_flash_rom_patch.o)
                                         0x14 (size before relaxing)
 .literal.esp_rom_spiflash_unlock
                0x0000000040080d44        0x8 /home/sparky/esp/esp-idf/examples/peripherals/hud/build/spi_flash/libspi_flash.a(spi_flash_rom_patch.o)
                                         0x28 (size before relaxing)
 .literal.esp_rom_spiflash_erase_block
                0x0000000040080d4c        0xc /home/sparky/esp/esp-idf/examples/peripherals/hud/build/spi_flash/libspi_flash.a(spi_flash_rom_patch.o)
                                         0x20 (size before relaxing)
 .literal.esp_rom_spiflash_erase_sector
                0x0000000040080d58        0x0 /home/sparky/esp/esp-idf/examples/peripherals/hud/build/spi_flash/libspi_flash.a(spi_flash_rom_patch.o)
                                         0x20 (size before relaxing)
 .literal.esp_rom_spiflash_write
                0x0000000040080d58        0x0 /home/sparky/esp/esp-idf/examples/peripherals/hud/build/spi_flash/libspi_flash.a(spi_flash_rom_patch.o)
                                         0x28 (size before relaxing)
 .literal.esp_rom_spiflash_write_encrypted
                0x0000000040080d58        0xc /home/sparky/esp/esp-idf/examples/peripherals/hud/build/spi_flash/libspi_flash.a(spi_flash_rom_patch.o)
                                         0x10 (size before relaxing)
 .literal.esp_rom_spiflash_read
                0x0000000040080d64       0x30 /home/sparky/esp/esp-idf/examples/peripherals/hud/build/spi_flash/libspi_flash.a(spi_flash_rom_patch.o)
                                         0x5c (size before relaxing)
 .literal       0x0000000040080d94       0x10 /home/sparky/esp/esp-idf/components/newlib/lib/libm.a(lib_a-s_fpclassify.o)
                                         0x18 (size before relaxing)
 .iram1         0x0000000040080da4       0x3a /home/sparky/esp/esp-idf/examples/peripherals/hud/build/esp32/libesp32.a(cache_err_int.o)
                                         0x4a (size before relaxing)
                0x0000000040080da4                esp_cache_err_get_cpuid
 *fill*         0x0000000040080dde        0x2 
 .iram1         0x0000000040080de0      0x29e /home/sparky/esp/esp-idf/examples/peripherals/hud/build/esp32/libesp32.a(cpu_start.o)
                                        0x35e (size before relaxing)
                0x0000000040080de0                start_cpu0
                0x0000000040080de0                start_cpu0_default
                0x0000000040080eb0                start_cpu1_default
                0x0000000040080eb0                start_cpu1
                0x0000000040080f2c                call_start_cpu0
 *fill*         0x000000004008107e        0x2 
 .iram1         0x0000000040081080       0x37 /home/sparky/esp/esp-idf/examples/peripherals/hud/build/esp32/libesp32.a(clk.o)
                0x0000000040081080                esp_clk_cpu_freq
                0x0000000040081090                esp_clk_apb_freq
                0x00000000400810a8                ets_update_cpu_frequency
 *fill*         0x00000000400810b7        0x1 
 .iram1         0x00000000400810b8       0xb0 /home/sparky/esp/esp-idf/examples/peripherals/hud/build/esp32/libesp32.a(crosscore_int.o)
                                         0xc0 (size before relaxing)
                0x0000000040081150                esp_crosscore_int_send_yield
                0x000000004008115c                esp_crosscore_int_send_freq_switch
 .iram1         0x0000000040081168       0x7f /home/sparky/esp/esp-idf/examples/peripherals/hud/build/esp32/libesp32.a(ipc.o)
                                         0x8b (size before relaxing)
 *fill*         0x00000000400811e7        0x1 
 .iram1         0x00000000400811e8      0x2b6 /home/sparky/esp/esp-idf/examples/peripherals/hud/build/esp32/libesp32.a(intr_alloc.o)
                                        0x2ce (size before relaxing)
                0x0000000040081224                esp_intr_set_in_iram
                0x00000000400812ac                esp_intr_enable
                0x0000000040081334                esp_intr_disable
                0x00000000400813fc                esp_intr_noniram_disable
                0x0000000040081448                esp_intr_noniram_enable
                0x0000000040081488                ets_isr_unmask
                0x0000000040081494                ets_isr_mask
 *fill*         0x000000004008149e        0x2 
 .iram1         0x00000000400814a0      0x1e5 /home/sparky/esp/esp-idf/examples/peripherals/hud/build/esp32/libesp32.a(esp_timer.o)
                                        0x1fd (size before relaxing)
                0x00000000400815bc                esp_timer_stop
                0x00000000400815e0                esp_timer_get_time
                0x00000000400815f0                esp_timer_start_once
                0x0000000040081634                esp_timer_start_periodic
 *fill*         0x0000000040081685        0x3 
 .iram1         0x0000000040081688      0x197 /home/sparky/esp/esp-idf/examples/peripherals/hud/build/esp32/libesp32.a(dport_access.o)
                                        0x1a3 (size before relaxing)
                0x0000000040081688                esp_dport_access_stall_other_cpu_start
                0x0000000040081738                esp_dport_access_stall_other_cpu_end
                0x00000000400817b4                esp_dport_access_stall_other_cpu_start_wrap
                0x00000000400817bc                esp_dport_access_stall_other_cpu_end_wrap
                0x00000000400817c4                esp_dport_access_int_pause
                0x00000000400817e8                esp_dport_access_int_abort
                0x00000000400817fc                esp_dport_access_int_resume
 *fill*         0x000000004008181f        0x1 
 .iram1         0x0000000040081820      0x1ed /home/sparky/esp/esp-idf/examples/peripherals/hud/build/esp32/libesp32.a(system_api.o)
                                        0x22c (size before relaxing)
                0x0000000040081898                esp_restart_noos
                0x00000000400819ec                esp_restart
                0x00000000400819ec                system_restart
 *fill*         0x0000000040081a0d        0x3 
 .iram1         0x0000000040081a10       0x53 /home/sparky/esp/esp-idf/examples/peripherals/hud/build/esp32/libesp32.a(int_wdt.o)
 *fill*         0x0000000040081a63        0x1 
 .iram1         0x0000000040081a64       0xda /home/sparky/esp/esp-idf/examples/peripherals/hud/build/esp32/libesp32.a(dport_panic_highint_hdl.o)
                0x0000000040081a64                xt_highint4
                0x0000000040081b3e                ld_include_panic_highint_hdl
 *fill*         0x0000000040081b3e        0x2 
 .iram1         0x0000000040081b40      0x447 /home/sparky/esp/esp-idf/examples/peripherals/hud/build/esp32/libesp32.a(esp_timer_esp32.o)
                                        0x453 (size before relaxing)
                0x0000000040081bf4                esp_timer_impl_get_time
                0x0000000040081d24                esp_timer_impl_set_alarm
                0x0000000040081ec4                esp_timer_impl_update_apb_freq
                0x0000000040081f7c                esp_timer_impl_get_min_period_us
 *fill*         0x0000000040081f87        0x1 
 .iram1         0x0000000040081f88       0x27 /home/sparky/esp/esp-idf/examples/peripherals/hud/build/esp32/libesp32.a(freertos_hooks.o)
                0x0000000040081f88                esp_vApplicationTickHook
 *fill*         0x0000000040081faf        0x1 
 .iram1         0x0000000040081fb0       0x1a /home/sparky/esp/esp-idf/examples/peripherals/hud/build/freertos/libfreertos.a(port.o)
                0x0000000040081fb0                xPortInterruptedFromISRContext
 *fill*         0x0000000040081fca        0x2 
 .iram1         0x0000000040081fcc      0x4b4 /home/sparky/esp/esp-idf/examples/peripherals/hud/build/freertos/libfreertos.a(xtensa_vectors.o)
                0x0000000040081fcc                _xt_panic
                0x00000000400820e4                _xt_user_exit
                0x00000000400823d0                _xt_medint2_exit
                0x000000004008246c                _xt_medint3_exit
 .iram1         0x0000000040082480      0x3dd /home/sparky/esp/esp-idf/examples/peripherals/hud/build/heap/libheap.a(heap_caps.o)
                                        0x3f5 (size before relaxing)
                0x0000000040082510                heap_caps_malloc
                0x00000000400825ac                heap_caps_malloc_default
                0x00000000400825f0                heap_caps_malloc_prefer
                0x0000000040082648                heap_caps_free
                0x0000000040082680                heap_caps_realloc
                0x000000004008272c                heap_caps_realloc_default
                0x0000000040082784                heap_caps_realloc_prefer
                0x00000000400827e8                heap_caps_calloc
                0x0000000040082808                heap_caps_calloc_prefer
 *fill*         0x000000004008285d        0x3 
 .iram1         0x0000000040082860      0x18a /home/sparky/esp/esp-idf/examples/peripherals/hud/build/log/liblog.a(log.o)
                                        0x19a (size before relaxing)
                0x0000000040082860                esp_log_write
                0x0000000040082990                esp_log_early_timestamp
                0x00000000400829ac                esp_log_timestamp
 *fill*         0x00000000400829ea        0x2 
 .iram1         0x00000000400829ec       0x9a /home/sparky/esp/esp-idf/examples/peripherals/hud/build/main/libmain.a(main.o)
                0x0000000040082a04                timer_group0_isr
 *fill*         0x0000000040082a86        0x2 
 .iram1         0x0000000040082a88       0x6c /home/sparky/esp/esp-idf/examples/peripherals/hud/build/newlib/libnewlib.a(time.o)
                                         0x74 (size before relaxing)
                0x0000000040082a88                _gettimeofday_r
                0x0000000040082acc                _times_r
 .iram1         0x0000000040082af4       0x4a /home/sparky/esp/esp-idf/examples/peripherals/hud/build/newlib/libnewlib.a(syscalls.o)
                                         0x52 (size before relaxing)
                0x0000000040082af4                _malloc_r
                0x0000000040082b00                _free_r
                0x0000000040082b0c                _realloc_r
                0x0000000040082b20                _calloc_r
 *fill*         0x0000000040082b3e        0x2 
 .iram1         0x0000000040082b40       0x3c /home/sparky/esp/esp-idf/examples/peripherals/hud/build/newlib/libnewlib.a(reent_init.o)
                0x0000000040082b40                esp_reent_init
 .iram1         0x0000000040082b7c      0x1cc /home/sparky/esp/esp-idf/examples/peripherals/hud/build/newlib/libnewlib.a(locks.o)
                                        0x210 (size before relaxing)
                0x0000000040082c94                _lock_init
                0x0000000040082ca4                _lock_init_recursive
                0x0000000040082cb4                _lock_close
                0x0000000040082cf0                _lock_acquire
                0x0000000040082d00                _lock_acquire_recursive
                0x0000000040082d10                _lock_try_acquire
                0x0000000040082d20                _lock_try_acquire_recursive
                0x0000000040082d30                _lock_release
                0x0000000040082d3c                _lock_release_recursive
 .iram1         0x0000000040082d48      0x11a /home/sparky/esp/esp-idf/examples/peripherals/hud/build/soc/libsoc.a(cpu_util.o)
                0x0000000040082d48                esp_cpu_stall
                0x0000000040082ddc                esp_cpu_unstall
                0x0000000040082e30                esp_cpu_reset
                0x0000000040082e54                esp_cpu_in_ocd_debug_mode
 *fill*         0x0000000040082e62        0x2 
 .iram1         0x0000000040082e64      0x334 /home/sparky/esp/esp-idf/examples/peripherals/hud/build/spi_flash/libspi_flash.a(cache_utils.o)
                                        0x39c (size before relaxing)
                0x0000000040082ee0                spi_flash_op_block_func
                0x0000000040082fb8                spi_flash_disable_interrupts_caches_and_other_cpu
                0x0000000040083084                spi_flash_enable_interrupts_caches_and_other_cpu
                0x000000004008311c                spi_flash_disable_interrupts_caches_and_other_cpu_no_os
                0x0000000040083148                spi_flash_enable_interrupts_caches_no_os
                0x0000000040083164                spi_flash_cache_enabled
 .iram1         0x0000000040083198      0x722 /home/sparky/esp/esp-idf/examples/peripherals/hud/build/spi_flash/libspi_flash.a(flash_ops.o)
                                        0x74a (size before relaxing)
                0x0000000040083208                spi_flash_guard_set
                0x0000000040083214                spi_flash_guard_get
                0x0000000040083220                spi_flash_get_chip_size
                0x000000004008322c                spi_flash_erase_range
                0x00000000400832e4                spi_flash_erase_sector
                0x0000000040083308                spi_flash_write
                0x00000000400834d0                spi_flash_read
                0x0000000040083768                spi_flash_read_encrypted
                0x00000000400837b0                spi_flash_write_encrypted
 *fill*         0x00000000400838ba        0x2 
 .iram1         0x00000000400838bc      0x480 /home/sparky/esp/esp-idf/examples/peripherals/hud/build/spi_flash/libspi_flash.a(flash_mmap.o)
                                        0x4b0 (size before relaxing)
                0x00000000400839c0                spi_flash_mmap_pages
                0x0000000040083bdc                spi_flash_mmap
                0x0000000040083c48                spi_flash_munmap
                0x0000000040083cf4                spi_flash_mark_modified_region
 .iram1         0x0000000040083d3c       0x92 /home/sparky/esp/esp-idf/examples/peripherals/hud/build/driver/libdriver.a(gpio.o)
                0x0000000040083d3c                gpio_intr_service
 *fill*         0x0000000040083dce        0x2 
 .iram1         0x0000000040083dd0      0x831 /home/sparky/esp/esp-idf/examples/peripherals/hud/build/driver/libdriver.a(i2c.o)
                                        0x859 (size before relaxing)
 *fill*         0x0000000040084601        0x0 
 *fill*         0x0000000040084601        0x0 
 *fill*         0x0000000040084601        0x0 
 *fill*         0x0000000040084601        0x0 
 *fill*         0x0000000040084601        0x0 
 *fill*         0x0000000040084601        0x0 
 *fill*         0x0000000040084601        0x0 
 *fill*         0x0000000040084601        0x0 
 *fill*         0x0000000040084601        0x0 
 *fill*         0x0000000040084601        0x0 
 *fill*         0x0000000040084601        0x0 
 *fill*         0x0000000040084601        0x3 
 .iram1         0x0000000040084604       0x2e /home/sparky/esp/esp-idf/examples/peripherals/hud/build/freertos/libfreertos.a(xtensa_vector_defaults.o)
                0x0000000040084604                xt_debugexception
                0x0000000040084624                xt_highint5
                0x000000004008462c                _xt_nmi
                0x000000004008462c                xt_nmi
 *fill*         0x0000000040084632        0x0 
 *fill*         0x0000000040084632        0x0 
 *fill*         0x0000000040084632        0x0 
 *fill*         0x0000000040084632        0x0 
 *fill*         0x0000000040084632        0x0 
 *fill*         0x0000000040084632        0x0 
 *fill*         0x0000000040084632        0x0 
 *fill*         0x0000000040084632        0x0 
 *libfreertos.a:(.literal .text .literal.* .text.*)
 *fill*         0x0000000040084632        0x2 
 .text.xt_unhandled_interrupt
                0x0000000040084634       0x16 /home/sparky/esp/esp-idf/examples/peripherals/hud/build/freertos/libfreertos.a(xtensa_intr.o)
                0x0000000040084634                xt_unhandled_interrupt
 *fill*         0x000000004008464a        0x2 
 .text.xt_set_interrupt_handler
                0x000000004008464c       0x46 /home/sparky/esp/esp-idf/examples/peripherals/hud/build/freertos/libfreertos.a(xtensa_intr.o)
                0x000000004008464c                xt_set_interrupt_handler
 *fill*         0x0000000040084692        0x2 
 .text.prvIsQueueFull
                0x0000000040084694       0x2a /home/sparky/esp/esp-idf/examples/peripherals/hud/build/freertos/libfreertos.a(queue.o)
 *fill*         0x00000000400846be        0x2 
 .text.prvCopyDataToQueue
                0x00000000400846c0       0x9e /home/sparky/esp/esp-idf/examples/peripherals/hud/build/freertos/libfreertos.a(queue.o)
 *fill*         0x000000004008475e        0x2 
 .text.prvNotifyQueueSetContainer
                0x0000000040084760       0x6a /home/sparky/esp/esp-idf/examples/peripherals/hud/build/freertos/libfreertos.a(queue.o)
                                         0x76 (size before relaxing)
 *fill*         0x00000000400847ca        0x2 
 .text.prvCopyDataFromQueue
                0x00000000400847cc       0x24 /home/sparky/esp/esp-idf/examples/peripherals/hud/build/freertos/libfreertos.a(queue.o)
 .text.xQueueGenericReset
                0x00000000400847f0       0x86 /home/sparky/esp/esp-idf/examples/peripherals/hud/build/freertos/libfreertos.a(queue.o)
                                         0x96 (size before relaxing)
                0x00000000400847f0                xQueueGenericReset
 *fill*         0x0000000040084876        0x2 
 .text.prvInitialiseNewQueue
                0x0000000040084878       0x1f /home/sparky/esp/esp-idf/examples/peripherals/hud/build/freertos/libfreertos.a(queue.o)
                                         0x23 (size before relaxing)
 *fill*         0x0000000040084897        0x1 
 .text.xQueueGenericCreate
                0x0000000040084898       0x49 /home/sparky/esp/esp-idf/examples/peripherals/hud/build/freertos/libfreertos.a(queue.o)
                                         0x4d (size before relaxing)
                0x0000000040084898                xQueueGenericCreate
 *fill*         0x00000000400848e1        0x3 
 .text.xQueueGetMutexHolder
                0x00000000400848e4       0x23 /home/sparky/esp/esp-idf/examples/peripherals/hud/build/freertos/libfreertos.a(queue.o)
                0x00000000400848e4                xQueueGetMutexHolder
 *fill*         0x0000000040084907        0x1 
 .text.xQueueCreateCountingSemaphore
                0x0000000040084908       0x66 /home/sparky/esp/esp-idf/examples/peripherals/hud/build/freertos/libfreertos.a(queue.o)
                                         0x6a (size before relaxing)
                0x0000000040084908                xQueueCreateCountingSemaphore
 *fill*         0x000000004008496e        0x2 
 .text.xQueueGenericSend
                0x0000000040084970      0x158 /home/sparky/esp/esp-idf/examples/peripherals/hud/build/freertos/libfreertos.a(queue.o)
                                        0x18c (size before relaxing)
                0x0000000040084970                xQueueGenericSend
 .text.prvInitialiseMutex
                0x0000000040084ac8       0x22 /home/sparky/esp/esp-idf/examples/peripherals/hud/build/freertos/libfreertos.a(queue.o)
                                         0x26 (size before relaxing)
 *fill*         0x0000000040084aea        0x2 
 .text.xQueueCreateMutex
                0x0000000040084aec       0x16 /home/sparky/esp/esp-idf/examples/peripherals/hud/build/freertos/libfreertos.a(queue.o)
                                         0x1a (size before relaxing)
                0x0000000040084aec                xQueueCreateMutex
 *fill*         0x0000000040084b02        0x2 
 .text.xQueueGiveMutexRecursive
                0x0000000040084b04       0x48 /home/sparky/esp/esp-idf/examples/peripherals/hud/build/freertos/libfreertos.a(queue.o)
                                         0x4c (size before relaxing)
                0x0000000040084b04                xQueueGiveMutexRecursive
 .text.xQueueGenericSendFromISR
                0x0000000040084b4c       0xd6 /home/sparky/esp/esp-idf/examples/peripherals/hud/build/freertos/libfreertos.a(queue.o)
                                         0xe6 (size before relaxing)
                0x0000000040084b4c                xQueueGenericSendFromISR
 *fill*         0x0000000040084c22        0x2 
 .text.xQueueGiveFromISR
                0x0000000040084c24       0xb6 /home/sparky/esp/esp-idf/examples/peripherals/hud/build/freertos/libfreertos.a(queue.o)
                                         0xc2 (size before relaxing)
                0x0000000040084c24                xQueueGiveFromISR
 *fill*         0x0000000040084cda        0x2 
 .text.xQueueGenericReceive
                0x0000000040084cdc      0x144 /home/sparky/esp/esp-idf/examples/peripherals/hud/build/freertos/libfreertos.a(queue.o)
                                        0x178 (size before relaxing)
                0x0000000040084cdc                xQueueGenericReceive
 .text.xQueueTakeMutexRecursive
                0x0000000040084e20       0x51 /home/sparky/esp/esp-idf/examples/peripherals/hud/build/freertos/libfreertos.a(queue.o)
                0x0000000040084e20                xQueueTakeMutexRecursive
 *fill*         0x0000000040084e71        0x3 
 .text.xQueueReceiveFromISR
                0x0000000040084e74       0x96 /home/sparky/esp/esp-idf/examples/peripherals/hud/build/freertos/libfreertos.a(queue.o)
                                         0xa6 (size before relaxing)
                0x0000000040084e74                xQueueReceiveFromISR
 *fill*         0x0000000040084f0a        0x2 
 .text.vQueueDelete
                0x0000000040084f0c       0x28 /home/sparky/esp/esp-idf/examples/peripherals/hud/build/freertos/libfreertos.a(queue.o)
                0x0000000040084f0c                vQueueDelete
 .text.vQueueWaitForMessageRestricted
                0x0000000040084f34       0x23 /home/sparky/esp/esp-idf/examples/peripherals/hud/build/freertos/libfreertos.a(queue.o)
                                         0x2a (size before relaxing)
                0x0000000040084f34                vQueueWaitForMessageRestricted
 *fill*         0x0000000040084f57        0x1 
 .text.pxPortInitialiseStack
                0x0000000040084f58       0x50 /home/sparky/esp/esp-idf/examples/peripherals/hud/build/freertos/libfreertos.a(port.o)
                0x0000000040084f58                pxPortInitialiseStack
 .text.xPortStartScheduler
                0x0000000040084fa8       0x22 /home/sparky/esp/esp-idf/examples/peripherals/hud/build/freertos/libfreertos.a(port.o)
                                         0x2e (size before relaxing)
                0x0000000040084fa8                xPortStartScheduler
 *fill*         0x0000000040084fca        0x2 
 .text.xPortSysTickHandler
                0x0000000040084fcc       0x10 /home/sparky/esp/esp-idf/examples/peripherals/hud/build/freertos/libfreertos.a(port.o)
                                         0x16 (size before relaxing)
                0x0000000040084fcc                xPortSysTickHandler
 *fill*         0x0000000040084fdc        0x0 
 .text.vPortYieldOtherCore
                0x0000000040084fdc        0xa /home/sparky/esp/esp-idf/examples/peripherals/hud/build/freertos/libfreertos.a(port.o)
                                          0xe (size before relaxing)
                0x0000000040084fdc                vPortYieldOtherCore
 *fill*         0x0000000040084fe6        0x2 
 .text.vPortReleaseTaskMPUSettings
                0x0000000040084fe8        0xa /home/sparky/esp/esp-idf/examples/peripherals/hud/build/freertos/libfreertos.a(port.o)
                                          0xe (size before relaxing)
                0x0000000040084fe8                vPortReleaseTaskMPUSettings
 *fill*         0x0000000040084ff2        0x2 
 .text.xPortInIsrContext
                0x0000000040084ff4       0x26 /home/sparky/esp/esp-idf/examples/peripherals/hud/build/freertos/libfreertos.a(port.o)
                0x0000000040084ff4                xPortInIsrContext
 *fill*         0x000000004008501a        0x2 
 .text.vPortCPUInitializeMutex
                0x000000004008501c        0xe /home/sparky/esp/esp-idf/examples/peripherals/hud/build/freertos/libfreertos.a(port.o)
                0x000000004008501c                vPortCPUInitializeMutex
 *fill*         0x000000004008502a        0x2 
 .text.vPortCPUAcquireMutex
                0x000000004008502c       0x81 /home/sparky/esp/esp-idf/examples/peripherals/hud/build/freertos/libfreertos.a(port.o)
                                         0x88 (size before relaxing)
                0x000000004008502c                vPortCPUAcquireMutex
 *fill*         0x00000000400850ad        0x3 
 .text.vPortCPUReleaseMutex
                0x00000000400850b0       0x59 /home/sparky/esp/esp-idf/examples/peripherals/hud/build/freertos/libfreertos.a(port.o)
                                         0x61 (size before relaxing)
                0x00000000400850b0                vPortCPUReleaseMutex
 *fill*         0x0000000040085109        0x3 
 .text.prvResetNextTaskUnblockTime
                0x000000004008510c       0x34 /home/sparky/esp/esp-idf/examples/peripherals/hud/build/freertos/libfreertos.a(tasks.o)
 .text.prvDeleteTLS
                0x0000000040085140       0x40 /home/sparky/esp/esp-idf/examples/peripherals/hud/build/freertos/libfreertos.a(tasks.o)
 .text.prvInitialiseNewTask
                0x0000000040085180       0xc4 /home/sparky/esp/esp-idf/examples/peripherals/hud/build/freertos/libfreertos.a(tasks.o)
                                         0xd0 (size before relaxing)
 .text.prvInitialiseTaskLists
                0x0000000040085244       0x5a /home/sparky/esp/esp-idf/examples/peripherals/hud/build/freertos/libfreertos.a(tasks.o)
                                         0x6e (size before relaxing)
 *fill*         0x000000004008529e        0x2 
 .text.prvDeleteTCB
                0x00000000400852a0       0x56 /home/sparky/esp/esp-idf/examples/peripherals/hud/build/freertos/libfreertos.a(tasks.o)
                                         0x5d (size before relaxing)
 *fill*         0x00000000400852f6        0x2 
 .text.prvAddCurrentTaskToDelayedList
                0x00000000400852f8       0x66 /home/sparky/esp/esp-idf/examples/peripherals/hud/build/freertos/libfreertos.a(tasks.o)
                                         0x6a (size before relaxing)
 *fill*         0x000000004008535e        0x2 
 .text.taskYIELD_OTHER_CORE
                0x0000000040085360       0x53 /home/sparky/esp/esp-idf/examples/peripherals/hud/build/freertos/libfreertos.a(tasks.o)
                0x0000000040085360                taskYIELD_OTHER_CORE
 *fill*         0x00000000400853b3        0x1 
 .text.vTaskSuspendAll
                0x00000000400853b4       0x26 /home/sparky/esp/esp-idf/examples/peripherals/hud/build/freertos/libfreertos.a(tasks.o)
                0x00000000400853b4                vTaskSuspendAll
 *fill*         0x00000000400853da        0x2 
 .text.vTaskSwitchContext
                0x00000000400853dc      0x27e /home/sparky/esp/esp-idf/examples/peripherals/hud/build/freertos/libfreertos.a(tasks.o)
                                        0x28a (size before relaxing)
                0x00000000400853dc                vTaskSwitchContext
 *fill*         0x000000004008565a        0x2 
 .text.vTaskSetTimeOutState
                0x000000004008565c       0x34 /home/sparky/esp/esp-idf/examples/peripherals/hud/build/freertos/libfreertos.a(tasks.o)
                0x000000004008565c                vTaskSetTimeOutState
 .text.xTaskGetCurrentTaskHandle
                0x0000000040085690       0x1f /home/sparky/esp/esp-idf/examples/peripherals/hud/build/freertos/libfreertos.a(tasks.o)
                0x0000000040085690                xTaskGetCurrentTaskHandle
 *fill*         0x00000000400856af        0x1 
 .text.__getreent
                0x00000000400856b0       0x19 /home/sparky/esp/esp-idf/examples/peripherals/hud/build/freertos/libfreertos.a(tasks.o)
                0x00000000400856b0                __getreent
 *fill*         0x00000000400856c9        0x3 
 .text.xTaskGetSchedulerState
                0x00000000400856cc       0x37 /home/sparky/esp/esp-idf/examples/peripherals/hud/build/freertos/libfreertos.a(tasks.o)
                0x00000000400856cc                xTaskGetSchedulerState
 *fill*         0x0000000040085703        0x1 
 .text.vTaskEnterCritical
                0x0000000040085704       0xac /home/sparky/esp/esp-idf/examples/peripherals/hud/build/freertos/libfreertos.a(tasks.o)
                                         0xb3 (size before relaxing)
                0x0000000040085704                vTaskEnterCritical
 *fill*         0x00000000400857b0        0x0 
 .text.vTaskExitCritical
                0x00000000400857b0       0x83 /home/sparky/esp/esp-idf/examples/peripherals/hud/build/freertos/libfreertos.a(tasks.o)
                                         0x8a (size before relaxing)
                0x00000000400857b0                vTaskExitCritical
 *fill*         0x0000000040085833        0x1 
 .text.prvAddNewTaskToReadyList
                0x0000000040085834      0x15c /home/sparky/esp/esp-idf/examples/peripherals/hud/build/freertos/libfreertos.a(tasks.o)
                                        0x173 (size before relaxing)
 *fill*         0x0000000040085990        0x0 
 .text.xTaskCreatePinnedToCore
                0x0000000040085990       0x6e /home/sparky/esp/esp-idf/examples/peripherals/hud/build/freertos/libfreertos.a(tasks.o)
                                         0x76 (size before relaxing)
                0x0000000040085990                xTaskCreatePinnedToCore
 *fill*         0x00000000400859fe        0x2 
 .text.vTaskStartScheduler
                0x0000000040085a00       0x67 /home/sparky/esp/esp-idf/examples/peripherals/hud/build/freertos/libfreertos.a(tasks.o)
                                         0x72 (size before relaxing)
                0x0000000040085a00                vTaskStartScheduler
 *fill*         0x0000000040085a67        0x1 
 .text.vTaskDelete
                0x0000000040085a68      0x10a /home/sparky/esp/esp-idf/examples/peripherals/hud/build/freertos/libfreertos.a(tasks.o)
                                        0x122 (size before relaxing)
                0x0000000040085a68                vTaskDelete
 *fill*         0x0000000040085b72        0x2 
 .text.vTaskDelay
                0x0000000040085b74       0x70 /home/sparky/esp/esp-idf/examples/peripherals/hud/build/freertos/libfreertos.a(tasks.o)
                                         0x80 (size before relaxing)
                0x0000000040085b74                vTaskDelay
 .text.vTaskPrioritySet
                0x0000000040085be4      0x12d /home/sparky/esp/esp-idf/examples/peripherals/hud/build/freertos/libfreertos.a(tasks.o)
                                        0x143 (size before relaxing)
                0x0000000040085be4                vTaskPrioritySet
 *fill*         0x0000000040085d11        0x3 
 .text.vTaskSuspend
                0x0000000040085d14       0xe6 /home/sparky/esp/esp-idf/examples/peripherals/hud/build/freertos/libfreertos.a(tasks.o)
                                        0x106 (size before relaxing)
                0x0000000040085d14                vTaskSuspend
 *fill*         0x0000000040085dfa        0x2 
 .text.prvCheckTasksWaitingTermination
                0x0000000040085dfc       0xbe /home/sparky/esp/esp-idf/examples/peripherals/hud/build/freertos/libfreertos.a(tasks.o)
                                         0xc6 (size before relaxing)
 *fill*         0x0000000040085eba        0x2 
 .text.prvIdleTask
                0x0000000040085ebc        0xc /home/sparky/esp/esp-idf/examples/peripherals/hud/build/freertos/libfreertos.a(tasks.o)
                                         0x12 (size before relaxing)
 *fill*         0x0000000040085ec8        0x0 
 .text.xTaskGetTickCount
                0x0000000040085ec8       0x1c /home/sparky/esp/esp-idf/examples/peripherals/hud/build/freertos/libfreertos.a(tasks.o)
                                         0x20 (size before relaxing)
                0x0000000040085ec8                xTaskGetTickCount
 .text.xTaskIncrementTick
                0x0000000040085ee4      0x1b2 /home/sparky/esp/esp-idf/examples/peripherals/hud/build/freertos/libfreertos.a(tasks.o)
                                        0x1ce (size before relaxing)
                0x0000000040085ee4                xTaskIncrementTick
 *fill*         0x0000000040086096        0x2 
 .text.xTaskResumeAll
                0x0000000040086098      0x173 /home/sparky/esp/esp-idf/examples/peripherals/hud/build/freertos/libfreertos.a(tasks.o)
                                        0x186 (size before relaxing)
                0x0000000040086098                xTaskResumeAll
 *fill*         0x000000004008620b        0x1 
 .text.vTaskPlaceOnEventList
                0x000000004008620c       0x83 /home/sparky/esp/esp-idf/examples/peripherals/hud/build/freertos/libfreertos.a(tasks.o)
                                         0x97 (size before relaxing)
                0x000000004008620c                vTaskPlaceOnEventList
 *fill*         0x000000004008628f        0x1 
 .text.vTaskPlaceOnEventListRestricted
                0x0000000040086290       0x5b /home/sparky/esp/esp-idf/examples/peripherals/hud/build/freertos/libfreertos.a(tasks.o)
                                         0x6f (size before relaxing)
                0x0000000040086290                vTaskPlaceOnEventListRestricted
 *fill*         0x00000000400862eb        0x1 
 .text.xTaskRemoveFromEventList
                0x00000000400862ec      0x134 /home/sparky/esp/esp-idf/examples/peripherals/hud/build/freertos/libfreertos.a(tasks.o)
                                        0x143 (size before relaxing)
                0x00000000400862ec                xTaskRemoveFromEventList
 *fill*         0x0000000040086420        0x0 
 .text.xTaskCheckForTimeOut
                0x0000000040086420       0x8b /home/sparky/esp/esp-idf/examples/peripherals/hud/build/freertos/libfreertos.a(tasks.o)
                                         0x96 (size before relaxing)
                0x0000000040086420                xTaskCheckForTimeOut
 *fill*         0x00000000400864ab        0x1 
 .text.vTaskPriorityInherit
                0x00000000400864ac       0xc4 /home/sparky/esp/esp-idf/examples/peripherals/hud/build/freertos/libfreertos.a(tasks.o)
                                         0xdb (size before relaxing)
                0x00000000400864ac                vTaskPriorityInherit
 *fill*         0x0000000040086570        0x0 
 .text.xTaskPriorityDisinherit
                0x0000000040086570       0x97 /home/sparky/esp/esp-idf/examples/peripherals/hud/build/freertos/libfreertos.a(tasks.o)
                                         0xaa (size before relaxing)
                0x0000000040086570                xTaskPriorityDisinherit
 *fill*         0x0000000040086607        0x1 
 .text.pvTaskIncrementMutexHeldCount
                0x0000000040086608       0x50 /home/sparky/esp/esp-idf/examples/peripherals/hud/build/freertos/libfreertos.a(tasks.o)
                                         0x54 (size before relaxing)
                0x0000000040086608                pvTaskIncrementMutexHeldCount
 .text.prvGetNextExpireTime
                0x0000000040086658       0x20 /home/sparky/esp/esp-idf/examples/peripherals/hud/build/freertos/libfreertos.a(timers.o)
 .text.prvInsertTimerInActiveList
                0x0000000040086678       0x50 /home/sparky/esp/esp-idf/examples/peripherals/hud/build/freertos/libfreertos.a(timers.o)
                                         0x54 (size before relaxing)
 .text.prvCheckForValidListAndQueue
                0x00000000400866c8       0x66 /home/sparky/esp/esp-idf/examples/peripherals/hud/build/freertos/libfreertos.a(timers.o)
                                         0x7e (size before relaxing)
 *fill*         0x000000004008672e        0x2 
 .text.xTimerCreateTimerTask
                0x0000000040086730       0x48 /home/sparky/esp/esp-idf/examples/peripherals/hud/build/freertos/libfreertos.a(timers.o)
                                         0x4c (size before relaxing)
                0x0000000040086730                xTimerCreateTimerTask
 .text.xTimerGenericCommand
                0x0000000040086778       0x55 /home/sparky/esp/esp-idf/examples/peripherals/hud/build/freertos/libfreertos.a(timers.o)
                                         0x5d (size before relaxing)
                0x0000000040086778                xTimerGenericCommand
 *fill*         0x00000000400867cd        0x3 
 .text.prvSwitchTimerLists
                0x00000000400867d0       0x76 /home/sparky/esp/esp-idf/examples/peripherals/hud/build/freertos/libfreertos.a(timers.o)
                                         0x82 (size before relaxing)
 *fill*         0x0000000040086846        0x2 
 .text.prvSampleTimeNow
                0x0000000040086848       0x2b /home/sparky/esp/esp-idf/examples/peripherals/hud/build/freertos/libfreertos.a(timers.o)
                                         0x2f (size before relaxing)
 *fill*         0x0000000040086873        0x1 
 .text.prvProcessExpiredTimer
                0x0000000040086874       0x53 /home/sparky/esp/esp-idf/examples/peripherals/hud/build/freertos/libfreertos.a(timers.o)
                                         0x5f (size before relaxing)
 *fill*         0x00000000400868c7        0x1 
 .text.prvProcessTimerOrBlockTask
                0x00000000400868c8       0x58 /home/sparky/esp/esp-idf/examples/peripherals/hud/build/freertos/libfreertos.a(timers.o)
                                         0x6c (size before relaxing)
 .text.prvProcessReceivedCommands
                0x0000000040086920       0xd6 /home/sparky/esp/esp-idf/examples/peripherals/hud/build/freertos/libfreertos.a(timers.o)
                                         0xe6 (size before relaxing)
 *fill*         0x00000000400869f6        0x2 
 .text.prvTimerTask
                0x00000000400869f8       0x15 /home/sparky/esp/esp-idf/examples/peripherals/hud/build/freertos/libfreertos.a(timers.o)
                                         0x1d (size before relaxing)
 *fill*         0x0000000040086a0d        0x3 
 .text          0x0000000040086a10      0x12b /home/sparky/esp/esp-idf/examples/peripherals/hud/build/freertos/libfreertos.a(xtensa_context.o)
                0x0000000040086a10                _xt_context_save
                0x0000000040086a78                _xt_context_restore
                0x0000000040086abc                _xt_coproc_init
                0x0000000040086ad0                _xt_coproc_release
                0x0000000040086afc                _xt_coproc_savecs
                0x0000000040086b1c                _xt_coproc_restorecs
 *fill*         0x0000000040086b3b        0x1 
 .text          0x0000000040086b3c      0x1d0 /home/sparky/esp/esp-idf/examples/peripherals/hud/build/freertos/libfreertos.a(portasm.o)
                0x0000000040086b3c                _frxt_setup_switch
                0x0000000040086b54                _frxt_int_enter
                0x0000000040086b9c                _frxt_int_exit
                0x0000000040086bec                _frxt_timer_int
                0x0000000040086c14                _frxt_tick_timer_init
                0x0000000040086c2c                _frxt_dispatch
                0x0000000040086c74                vPortYield
                0x0000000040086cc0                vPortYieldFromInt
                0x0000000040086ce0                _frxt_task_coproc_state
 .text._xt_tick_divisor_init
                0x0000000040086d0c       0x1c /home/sparky/esp/esp-idf/examples/peripherals/hud/build/freertos/libfreertos.a(xtensa_init.o)
                                         0x1f (size before relaxing)
                0x0000000040086d0c                _xt_tick_divisor_init
 *fill*         0x0000000040086d28        0x0 
 .text.returnItemToRingbufBytebuf
                0x0000000040086d28       0x41 /home/sparky/esp/esp-idf/examples/peripherals/hud/build/freertos/libfreertos.a(ringbuf.o)
                                         0x45 (size before relaxing)
 *fill*         0x0000000040086d69        0x3 
 .text.returnItemToRingbufDefault
                0x0000000040086d6c      0x126 /home/sparky/esp/esp-idf/examples/peripherals/hud/build/freertos/libfreertos.a(ringbuf.o)
                                        0x136 (size before relaxing)
 *fill*         0x0000000040086e92        0x2 
 .text.getItemFromRingbufDefault
                0x0000000040086e94       0xa1 /home/sparky/esp/esp-idf/examples/peripherals/hud/build/freertos/libfreertos.a(ringbuf.o)
                                         0xa5 (size before relaxing)
 *fill*         0x0000000040086f35        0x3 
 .text.copyItemToRingbufNoSplit
                0x0000000040086f38       0xac /home/sparky/esp/esp-idf/examples/peripherals/hud/build/freertos/libfreertos.a(ringbuf.o)
                                         0xb0 (size before relaxing)
 .text.copyItemToRingbufByteBuf
                0x0000000040086fe4       0x46 /home/sparky/esp/esp-idf/examples/peripherals/hud/build/freertos/libfreertos.a(ringbuf.o)
 *fill*         0x000000004008702a        0x2 
 .text.copyItemToRingbufAllowSplit
                0x000000004008702c      0x118 /home/sparky/esp/esp-idf/examples/peripherals/hud/build/freertos/libfreertos.a(ringbuf.o)
                                        0x124 (size before relaxing)
 .text.xRingbufferCreate
                0x0000000040087144      0x109 /home/sparky/esp/esp-idf/examples/peripherals/hud/build/freertos/libfreertos.a(ringbuf.o)
                                        0x118 (size before relaxing)
                0x0000000040087144                xRingbufferCreate
 *fill*         0x000000004008724d        0x3 
 .text.vRingbufferDelete
                0x0000000040087250       0x28 /home/sparky/esp/esp-idf/examples/peripherals/hud/build/freertos/libfreertos.a(ringbuf.o)
                                         0x2c (size before relaxing)
                0x0000000040087250                vRingbufferDelete
 .text.xRingbufferSendFromISR
                0x0000000040087278       0x5a /home/sparky/esp/esp-idf/examples/peripherals/hud/build/freertos/libfreertos.a(ringbuf.o)
                                         0x62 (size before relaxing)
                0x0000000040087278                xRingbufferSendFromISR
 *fill*         0x00000000400872d2        0x2 
 .text.xRingbufferReceiveUpToFromISR
                0x00000000400872d4       0x60 /home/sparky/esp/esp-idf/examples/peripherals/hud/build/freertos/libfreertos.a(ringbuf.o)
                                         0x64 (size before relaxing)
                0x00000000400872d4                xRingbufferReceiveUpToFromISR
 .text.vRingbufferReturnItemFromISR
                0x0000000040087334       0x24 /home/sparky/esp/esp-idf/examples/peripherals/hud/build/freertos/libfreertos.a(ringbuf.o)
                                         0x2c (size before relaxing)
                0x0000000040087334                vRingbufferReturnItemFromISR
 *fill*         0x0000000040087358        0x0 
 *fill*         0x0000000040087358        0x0 
 *fill*         0x0000000040087358        0x0 
 .text.prvIsQueueEmpty
                0x0000000040087358       0x12 /home/sparky/esp/esp-idf/examples/peripherals/hud/build/freertos/libfreertos.a(queue.o)
 *fill*         0x000000004008736a        0x0 
 *fill*         0x000000004008736a        0x0 
 *fill*         0x000000004008736a        0x0 
 *fill*         0x000000004008736a        0x0 
 *fill*         0x000000004008736a        0x0 
 *fill*         0x000000004008736a        0x0 
 *fill*         0x000000004008736a        0x0 
 *fill*         0x000000004008736a        0x0 
 *fill*         0x000000004008736a        0x0 
 *fill*         0x000000004008736a        0x0 
 *fill*         0x000000004008736a        0x0 
 *fill*         0x000000004008736a        0x0 
 *fill*         0x000000004008736a        0x0 
 *fill*         0x000000004008736a        0x0 
 *fill*         0x000000004008736a        0x0 
 *fill*         0x000000004008736a        0x2 
 .text.vListInitialise
                0x000000004008736c       0x15 /home/sparky/esp/esp-idf/examples/peripherals/hud/build/freertos/libfreertos.a(list.o)
                0x000000004008736c                vListInitialise
 *fill*         0x0000000040087381        0x3 
 .text.vListInitialiseItem